Error: Mismatch in function call params gcd in gcd
